{
  "timestamp": "2026-06-24T17:33:51.848Z",
  "statusCode": 200,
  "dataKeys": [
    "items"
  ],
  "routesCount": "unknown",
  "firstRouteKeys": "no routes"
}
{
  "timestamp": "2026-06-24T17:33:53.403Z",
  "statusCode": 200,
  "dataKeys": [
    "items"
  ],
  "routesCount": "unknown",
  "firstRouteKeys": "no routes"
}
{
  "timestamp": "2026-06-24T17:33:53.661Z",
  "statusCode": 200,
  "dataKeys": [
    "items"
  ],
  "routesCount": "unknown",
  "firstRouteKeys": "no routes"
}
{
  "timestamp": "2026-06-24T17:34:07.212Z",
  "statusCode": 200,
  "dataKeys": [
    "items"
  ],
  "routesCount": "unknown",
  "firstRouteKeys": "no routes"
}
{
  "timestamp": "2026-06-24T17:35:31.370Z",
  "statusCode": 200,
  "dataKeys": [
    "items"
  ],
  "routesCount": "unknown",
  "firstRouteKeys": "no routes"
}
{
  "timestamp": "2026-06-24T17:35:43.168Z",
  "statusCode": 200,
  "dataKeys": [
    "items"
  ],
  "routesCount": "unknown",
  "firstRouteKeys": "no routes"
}
